// Jest Snapshot v1, https://goo.gl/fbAQLP

exports[`App.vue it has the correct pristine / empty state 1`] = `
<div
  class="options"
>
  <div
    class="container"
  >
    <div
      class="header"
    >
      
      Cypress Recorder Options
      
      <small
        class="saving-badge text-muted"
        style="display: none;"
      >
        
        Saving...
      
      </small>
    </div>
     
    <!---->
     
    <div
      class="footer"
    >
      
      sponsored by
      
      <a
        href="https://checklyhq.com"
        target="_blank"
      >
        <img
          alt=""
          src="/images/text_racoon_logo.svg"
        />
      </a>
    </div>
  </div>
</div>
`;
